*** Vertices:
Vertex E_pop, size: 2400, model: AbstractPopulationVertex
    Constraints:
        MaxVertexAtomsConstraint(size=100)
    Outgoing Edge Partitions:
    Partition SPIKE:
        Edge: projection edge 0, From E_pop to E_pop, model: ProjectionApplicationEdge
        Edge: projection edge 2, From E_pop to I_pop, model: ProjectionApplicationEdge

Vertex I_pop, size: 600, model: AbstractPopulationVertex
    Constraints:
        MaxVertexAtomsConstraint(size=100)
    Outgoing Edge Partitions:
    Partition SPIKE:
        Edge: projection edge 1, From I_pop to E_pop, model: ProjectionApplicationEdge
        Edge: projection edge 3, From I_pop to I_pop, model: ProjectionApplicationEdge

Vertex Poisson_pop_E, size: 2400, model: SpikeSourcePoissonVertex
    Constraints:
        MaxVertexAtomsConstraint(size=100)
    Outgoing Edge Partitions:
    Partition SPIKE:
        Edge: projection edge 4, From Poisson_pop_E to E_pop, model: ProjectionApplicationEdge

Vertex Poisson_pop_I, size: 600, model: SpikeSourcePoissonVertex
    Constraints:
        MaxVertexAtomsConstraint(size=100)
    Outgoing Edge Partitions:
    Partition SPIKE:
        Edge: projection edge 5, From Poisson_pop_I to I_pop, model: ProjectionApplicationEdge

