        Placement Information by Vertex
        ===============================

Generated: Thu Apr 22 13:17:33 2021 for target machine '10.11.208.129'

**** Vertex: 'cells'
Model: AbstractPopulationVertex
Pop size: 20
Machine Vertices: 
  Slice 0:19 (20 atoms) 

**** Vertex: 'SpikeSourceArrayVertex_1'
Model: SpikeSourceArrayVertex
Pop size: 20
Machine Vertices: 
  Slice 0:19 (20 atoms) 

**** Vertex: 'SpikeSourceArrayVertex_2'
Model: SpikeSourceArrayVertex
Pop size: 20
Machine Vertices: 
  Slice 0:19 (20 atoms) 

**** Vertex: 'SpikeSourceArrayVertex_3'
Model: SpikeSourceArrayVertex
Pop size: 20
Machine Vertices: 
  Slice 0:19 (20 atoms) 

**** Vertex: 'SpikeSourceArrayVertex_4'
Model: SpikeSourceArrayVertex
Pop size: 20
Machine Vertices: 
  Slice 0:19 (20 atoms) 

**** Vertex: 'SpikeSourceArrayVertex_5'
Model: SpikeSourceArrayVertex
Pop size: 20
Machine Vertices: 
  Slice 0:19 (20 atoms) 

**** Vertex: 'SpikeSourceArrayVertex_6'
Model: SpikeSourceArrayVertex
Pop size: 20
Machine Vertices: 
  Slice 0:19 (20 atoms) 

**** Vertex: 'SpikeSourceArrayVertex_7'
Model: SpikeSourceArrayVertex
Pop size: 20
Machine Vertices: 
  Slice 0:19 (20 atoms) 

**** Vertex: 'cells8'
Model: AbstractPopulationVertex
Pop size: 20
Machine Vertices: 
  Slice 0:19 (20 atoms) 

**** Vertex: 'SpikeSourceArrayVertex_9'
Model: SpikeSourceArrayVertex
Pop size: 20
Machine Vertices: 
  Slice 0:19 (20 atoms) 

