*** Vertices:
Vertex <class 'spynnaker.pyNN.models.neuron.builds.if_cond_exp_base.IFCondExpBase'>, size: 1, model: AbstractPopulationVertex
    Constraints:
        MaxVertexAtomsConstraint(size=255)
    Outgoing Edge Partitions:

Vertex <class 'spynnaker.pyNN.models.neuron.builds.if_curr_alpha.IFCurrAlpha'>, size: 1, model: AbstractPopulationVertex
    Constraints:
        MaxVertexAtomsConstraint(size=255)
    Outgoing Edge Partitions:

Vertex <class 'spynnaker.pyNN.models.neuron.builds.if_curr_exp_base.IFCurrExpBase'>, size: 1, model: AbstractPopulationVertex
    Constraints:
        MaxVertexAtomsConstraint(size=255)
    Outgoing Edge Partitions:

Vertex <class 'spynnaker.pyNN.models.neuron.builds.izk_curr_exp_base.IzkCurrExpBase'>, size: 1, model: AbstractPopulationVertex
    Constraints:
        MaxVertexAtomsConstraint(size=255)
    Outgoing Edge Partitions:

Vertex <class 'spynnaker.pyNN.models.neuron.builds.if_curr_dual_exp_base.IFCurrDualExpBase'>, size: 1, model: AbstractPopulationVertex
    Constraints:
        MaxVertexAtomsConstraint(size=255)
    Outgoing Edge Partitions:

Vertex <class 'spynnaker.pyNN.models.neuron.builds.if_cond_exp_stoc.IFCondExpStoc'>, size: 1, model: AbstractPopulationVertex
    Constraints:
        MaxVertexAtomsConstraint(size=255)
    Outgoing Edge Partitions:

Vertex <class 'spynnaker.pyNN.models.neuron.builds.if_curr_delta.IFCurrDelta'>, size: 1, model: AbstractPopulationVertex
    Constraints:
        MaxVertexAtomsConstraint(size=255)
    Outgoing Edge Partitions:

Vertex <class 'spynnaker.pyNN.models.neuron.builds.if_curr_exp_ca2_adaptive.IFCurrExpCa2Adaptive'>, size: 1, model: AbstractPopulationVertex
    Constraints:
        MaxVertexAtomsConstraint(size=255)
    Outgoing Edge Partitions:

Vertex <class 'spynnaker.pyNN.models.neuron.builds.izk_cond_exp_base.IzkCondExpBase'>, size: 1, model: AbstractPopulationVertex
    Constraints:
        MaxVertexAtomsConstraint(size=255)
    Outgoing Edge Partitions:

Vertex SpikeSourceArrayVertex_1, size: 1, model: SpikeSourceArrayVertex
    Constraints:
        MaxVertexAtomsConstraint(size=9223372036854775807)
    Outgoing Edge Partitions:
    Partition SPIKE:
        Edge: projection edge 0, From SpikeSourceArrayVertex_1 to <class 'spynnaker.pyNN.models.neuron.builds.if_cond_exp_base.IFCondExpBase'>, model: ProjectionApplicationEdge
        Edge: projection edge 1, From SpikeSourceArrayVertex_1 to <class 'spynnaker.pyNN.models.neuron.builds.if_curr_alpha.IFCurrAlpha'>, model: ProjectionApplicationEdge
        Edge: projection edge 2, From SpikeSourceArrayVertex_1 to <class 'spynnaker.pyNN.models.neuron.builds.if_curr_exp_base.IFCurrExpBase'>, model: ProjectionApplicationEdge
        Edge: projection edge 3, From SpikeSourceArrayVertex_1 to <class 'spynnaker.pyNN.models.neuron.builds.izk_curr_exp_base.IzkCurrExpBase'>, model: ProjectionApplicationEdge
        Edge: projection edge 4, From SpikeSourceArrayVertex_1 to <class 'spynnaker.pyNN.models.neuron.builds.if_curr_dual_exp_base.IFCurrDualExpBase'>, model: ProjectionApplicationEdge
        Edge: projection edge 5, From SpikeSourceArrayVertex_1 to <class 'spynnaker.pyNN.models.neuron.builds.if_cond_exp_stoc.IFCondExpStoc'>, model: ProjectionApplicationEdge
        Edge: projection edge 6, From SpikeSourceArrayVertex_1 to <class 'spynnaker.pyNN.models.neuron.builds.if_curr_delta.IFCurrDelta'>, model: ProjectionApplicationEdge
        Edge: projection edge 7, From SpikeSourceArrayVertex_1 to <class 'spynnaker.pyNN.models.neuron.builds.if_curr_exp_ca2_adaptive.IFCurrExpCa2Adaptive'>, model: ProjectionApplicationEdge
        Edge: projection edge 8, From SpikeSourceArrayVertex_1 to <class 'spynnaker.pyNN.models.neuron.builds.izk_cond_exp_base.IzkCondExpBase'>, model: ProjectionApplicationEdge

