        Placement Information by Vertex
        ===============================

Generated: Tue Jan 18 18:51:31 2022 for target machine '10.11.193.129'

**** Vertex: '<class 'spynnaker.pyNN.models.neuron.builds.if_cond_exp_base.IFCondExpBase'>'
Model: AbstractPopulationVertex
Pop size: 1
Machine Vertices: 
  Slice 0:0 (1 atoms) 

**** Vertex: '<class 'spynnaker.pyNN.models.neuron.builds.if_curr_alpha.IFCurrAlpha'>'
Model: AbstractPopulationVertex
Pop size: 1
Machine Vertices: 
  Slice 0:0 (1 atoms) 

**** Vertex: '<class 'spynnaker.pyNN.models.neuron.builds.if_curr_exp_base.IFCurrExpBase'>'
Model: AbstractPopulationVertex
Pop size: 1
Machine Vertices: 
  Slice 0:0 (1 atoms) 

**** Vertex: '<class 'spynnaker.pyNN.models.neuron.builds.izk_curr_exp_base.IzkCurrExpBase'>'
Model: AbstractPopulationVertex
Pop size: 1
Machine Vertices: 
  Slice 0:0 (1 atoms) 

**** Vertex: '<class 'spynnaker.pyNN.models.neuron.builds.if_curr_dual_exp_base.IFCurrDualExpBase'>'
Model: AbstractPopulationVertex
Pop size: 1
Machine Vertices: 
  Slice 0:0 (1 atoms) 

**** Vertex: '<class 'spynnaker.pyNN.models.neuron.builds.if_cond_exp_stoc.IFCondExpStoc'>'
Model: AbstractPopulationVertex
Pop size: 1
Machine Vertices: 
  Slice 0:0 (1 atoms) 

**** Vertex: '<class 'spynnaker.pyNN.models.neuron.builds.if_curr_delta.IFCurrDelta'>'
Model: AbstractPopulationVertex
Pop size: 1
Machine Vertices: 
  Slice 0:0 (1 atoms) 

**** Vertex: '<class 'spynnaker.pyNN.models.neuron.builds.if_curr_exp_ca2_adaptive.IFCurrExpCa2Adaptive'>'
Model: AbstractPopulationVertex
Pop size: 1
Machine Vertices: 
  Slice 0:0 (1 atoms) 

**** Vertex: '<class 'spynnaker.pyNN.models.neuron.builds.izk_cond_exp_base.IzkCondExpBase'>'
Model: AbstractPopulationVertex
Pop size: 1
Machine Vertices: 
  Slice 0:0 (1 atoms) 

**** Vertex: 'SpikeSourceArrayVertex_1'
Model: SpikeSourceArrayVertex
Pop size: 1
Machine Vertices: 
  Slice 0:0 (1 atoms) 

