*** Vertices:
Vertex Excitatory_Cells, size: 1200, model: AbstractPopulationVertex
    Constraints:
        MaxVertexAtomsConstraint(size=255)
        SameAtomsAsVertexConstraint(vertex=Excitatory_Cells_delayed)
    Outgoing Edge Partitions:
    Partition SPIKE:
        Edge: e2e, From Excitatory_Cells to Excitatory_Cells, model: ProjectionApplicationEdge
        Edge: Excitatory_Cells_to_DelayExtension, From Excitatory_Cells to Excitatory_Cells_delayed, model: DelayAfferentApplicationEdge
        Edge: e2i, From Excitatory_Cells to Inhibitory_Cells, model: ProjectionApplicationEdge

Vertex Inhibitory_Cells, size: 300, model: AbstractPopulationVertex
    Constraints:
        MaxVertexAtomsConstraint(size=255)
        SameAtomsAsVertexConstraint(vertex=Inhibitory_Cells_delayed)
    Outgoing Edge Partitions:
    Partition SPIKE:
        Edge: i2e, From Inhibitory_Cells to Excitatory_Cells, model: ProjectionApplicationEdge
        Edge: Inhibitory_Cells_to_DelayExtension, From Inhibitory_Cells to Inhibitory_Cells_delayed, model: DelayAfferentApplicationEdge
        Edge: i2i, From Inhibitory_Cells to Inhibitory_Cells, model: ProjectionApplicationEdge

Vertex expoisson, size: 20, model: SpikeSourcePoissonVertex
    Constraints:
        MaxVertexAtomsConstraint(size=500)
    Outgoing Edge Partitions:
    Partition SPIKE:
        Edge: projection edge 0, From expoisson to Excitatory_Cells, model: ProjectionApplicationEdge
        Edge: projection edge 1, From expoisson to Inhibitory_Cells, model: ProjectionApplicationEdge

Vertex Excitatory_Cells_delayed, size: 1200, model: DelayExtensionVertex
    Constraints:
        SameAtomsAsVertexConstraint(vertex=Excitatory_Cells with 1200 atoms)
        MaxVertexAtomsConstraint(size=256)
    Outgoing Edge Partitions:
    Partition SPIKE:
        Edge: Excitatory_Cells_delayed_to_Excitatory_Cells, From Excitatory_Cells_delayed to Excitatory_Cells, model: DelayedApplicationEdge
        Edge: Excitatory_Cells_delayed_to_Inhibitory_Cells, From Excitatory_Cells_delayed to Inhibitory_Cells, model: DelayedApplicationEdge

Vertex Inhibitory_Cells_delayed, size: 300, model: DelayExtensionVertex
    Constraints:
        MaxVertexAtomsConstraint(size=256)
        SameAtomsAsVertexConstraint(vertex=Inhibitory_Cells with 300 atoms)
    Outgoing Edge Partitions:
    Partition SPIKE:
        Edge: Inhibitory_Cells_delayed_to_Excitatory_Cells, From Inhibitory_Cells_delayed to Excitatory_Cells, model: DelayedApplicationEdge
        Edge: Inhibitory_Cells_delayed_to_Inhibitory_Cells, From Inhibitory_Cells_delayed to Inhibitory_Cells, model: DelayedApplicationEdge

