        Placement Information by Vertex
        ===============================

Generated: Mon Jan  3 11:28:37 2022 for target machine '10.11.193.129'

**** Vertex: 'Exc'
Model: AbstractPopulationVertex
Pop size: 100
Machine Vertices: 
  Slice 0:99 (100 atoms) 

**** Vertex: 'Inh'
Model: AbstractPopulationVertex
Pop size: 1000
Machine Vertices: 
  Slice 0:254 (255 atoms) 
  Slice 255:509 (255 atoms) 
  Slice 510:764 (255 atoms) 
  Slice 765:999 (235 atoms) 

**** Vertex: 'Exc1'
Model: AbstractPopulationVertex
Pop size: 1000
Machine Vertices: 
  Slice 0:254 (255 atoms) 
  Slice 255:509 (255 atoms) 
  Slice 510:764 (255 atoms) 
  Slice 765:999 (235 atoms) 

**** Vertex: 'Inh2'
Model: AbstractPopulationVertex
Pop size: 1000
Machine Vertices: 
  Slice 0:254 (255 atoms) 
  Slice 255:509 (255 atoms) 
  Slice 510:764 (255 atoms) 
  Slice 765:999 (235 atoms) 

**** Vertex: 'Exc1_delayed'
Model: DelayExtensionVertex
Pop size: 1000
Machine Vertices: 
  Slice 0:254 (255 atoms) 
  Slice 255:509 (255 atoms) 
  Slice 510:764 (255 atoms) 
  Slice 765:999 (235 atoms) 

**** Vertex: 'Inh2_delayed'
Model: DelayExtensionVertex
Pop size: 1000
Machine Vertices: 
  Slice 0:254 (255 atoms) 
  Slice 255:509 (255 atoms) 
  Slice 510:764 (255 atoms) 
  Slice 765:999 (235 atoms) 

**** Vertex: 'Thalamus'
Model: SpikeSourceArrayVertex
Pop size: 1000
Machine Vertices: 
  Slice 0:999 (1000 atoms) 

