*** Vertices:
Vertex Excitatory_Cells, size: 1200, model: AbstractPopulationVertex
    Constraints:
        MaxVertexAtomsConstraint(size=255)
    Outgoing Edge Partitions:
    Partition SPIKE:
        Edge: projection edge 0, From Excitatory_Cells to Excitatory_Cells, model: ProjectionApplicationEdge
        Edge: projection edge 1, From Excitatory_Cells to Inhibitory_Cells, model: ProjectionApplicationEdge

Vertex Inhibitory_Cells, size: 300, model: AbstractPopulationVertex
    Constraints:
        MaxVertexAtomsConstraint(size=255)
    Outgoing Edge Partitions:
    Partition SPIKE:
        Edge: projection edge 2, From Inhibitory_Cells to Excitatory_Cells, model: ProjectionApplicationEdge
        Edge: projection edge 3, From Inhibitory_Cells to Inhibitory_Cells, model: ProjectionApplicationEdge

Vertex expoisson, size: 20, model: SpikeSourcePoissonVertex
    Constraints:
        MaxVertexAtomsConstraint(size=500)
    Outgoing Edge Partitions:
    Partition SPIKE:
        Edge: projection edge 4, From expoisson to Excitatory_Cells, model: ProjectionApplicationEdge
        Edge: projection edge 5, From expoisson to Inhibitory_Cells, model: ProjectionApplicationEdge

