*** Vertices:
Vertex network, size: 1, model: AbstractPopulationVertex
    Constraints:
        MaxVertexAtomsConstraint(size=255)
    Outgoing Edge Partitions:
    Partition SPIKE:
        Edge: projection edge 0, From network to network1, model: ProjectionApplicationEdge

Vertex network1, size: 1, model: AbstractPopulationVertex
    Constraints:
        MaxVertexAtomsConstraint(size=255)
    Outgoing Edge Partitions:

Vertex SpikeSourceArrayVertex_2, size: 1, model: SpikeSourceArrayVertex
    Constraints:
        MaxVertexAtomsConstraint(size=9223372036854775807)
    Outgoing Edge Partitions:
    Partition SPIKE:
        Edge: projection edge 1, From SpikeSourceArrayVertex_2 to network, model: ProjectionApplicationEdge

Vertex SpikeSourceArrayVertex_3, size: 1, model: SpikeSourceArrayVertex
    Constraints:
        MaxVertexAtomsConstraint(size=9223372036854775807)
    Outgoing Edge Partitions:
    Partition SPIKE:
        Edge: projection edge 2, From SpikeSourceArrayVertex_3 to network1, model: ProjectionApplicationEdge

